  Determining projects to restore...
  All projects are up-to-date for restore.
  NewsCollector.Api -> C:\Users\philip.wanderrienov\Music\ai-finance-bot\src\Services\NewsCollector.Api\bin\Debug\net10.0\NewsCollector.Api.dll

Build succeeded.
    0 Warning(s)
    0 Error(s)

Time Elapsed 00:00:02.27
